[0] MPI startup(): Intel(R) MPI Library, Version 2021.17  Build 20251215 (id: 2ac2f63)
[0] MPI startup(): Copyright (C) 2003-2025 Intel Corporation.  All rights reserved.
[0] MPI startup(): library kind: release
[0] MPI startup(): libfabric version: 2.2.0-impi_2021.17.2
[0] MPI startup(): libfabric provider: tcp
[0] MPI startup(): File "/opt/intel/oneapi/mpi/2021.17/opt/mpi/etc/tuning_spr_shm-ofi_tcp_1_x1.dat" not found
[0] MPI startup(): File "/opt/intel/oneapi/mpi/2021.17/opt/mpi/etc/tuning_spr_shm-ofi_tcp_1.dat" not found
[0] MPI startup(): Load tuning file: "/opt/intel/oneapi/mpi/2021.17/opt/mpi/etc/tuning_spr_shm-ofi_tcp.dat"
[0] MPI startup(): Number of NICs:  1 
[0] MPI startup(): ===== NIC pinning on fanfan.dlab.internal =====
[0] MPI startup(): Rank    Thread id  Pin nic
[0] MPI startup(): 0       0          eth0
[0] MPI startup(): 1       0          eth0
[0] MPI startup(): 2       0          eth0
[0] MPI startup(): 3       0          eth0
[0] MPI startup(): ===== CPU pinning =====
[0] MPI startup(): Rank    Pid      Node name             Pin cpu
[0] MPI startup(): 0       356293   fanfan.dlab.internal  {0-3}
[0] MPI startup(): 1       356294   fanfan.dlab.internal  {4-7}
[0] MPI startup(): 2       356296   fanfan.dlab.internal  {8-11}
[0] MPI startup(): 3       356297   fanfan.dlab.internal  {12-15}
[0] MPI startup(): I_MPI_ROOT=/opt/intel/oneapi/mpi/2021.17
[0] MPI startup(): ONEAPI_ROOT=/opt/intel/oneapi
[0] MPI startup(): I_MPI_MPIRUN=mpirun
[0] MPI startup(): I_MPI_BIND_WIN_ALLOCATE=localalloc
[0] MPI startup(): I_MPI_HYDRA_TOPOLIB=ipl2
[0] MPI startup(): I_MPI_PIN_DOMAIN_SIZE=omp
[0] MPI startup(): I_MPI_PIN_DOMAIN_SIZE=omp
[0] MPI startup(): I_MPI_RETURN_WIN_MEM_NUMA=-1
[0] MPI startup(): I_MPI_PIN=1
[0] MPI startup(): I_MPI_PIN_CELL=core
[0] MPI startup(): I_MPI_PIN_DOMAIN=omp:compact
[0] MPI startup(): I_MPI_PIN_ORDER=scatter
[0] MPI startup(): I_MPI_INTERNAL_MEM_POLICY=default
[0] MPI startup(): I_MPI_FABRICS=shm:ofi
[0] MPI startup(): I_MPI_OFI_PROVIDER=tcp
[0] MPI startup(): I_MPI_THREAD_LEVEL=funneled
[0] MPI startup(): I_MPI_DEBUG=5

Threads workloads
0 333333333 333333333 333333333 

Target frequencies
4800 4800 4800 4800 
Threads times
Rank 3, Thread 0 [3954 MHz]: 1539 ms
Rank 3, Thread 1 [4024 MHz]: 2771 ms
Rank 3, Thread 2 [4014 MHz]: 2754 ms
Rank 3, Thread 3 [4021 MHz]: 2770 ms
Rank 3, Iteration 0: 2772.156841 ms
Rank 3, Iteration 0: 749.945895 J, 270.527946 W
Rank 0, Thread 0 [4020 MHz]: 2830 ms
Rank 0, Thread 1 [4024 MHz]: 2763 ms
Rank 0, Thread 2 [4021 MHz]: 2760 ms
Rank 0, Thread 3 [4024 MHz]: 2744 ms
Rank 0, Iteration 0: 2829.843043 ms
Rank 0, Iteration 0: 764.382687 J, 270.114870 W
Rank 2, Thread 0 [3998 MHz]: 2481 ms
Rank 2, Thread 1 [4050 MHz]: 3399 ms
Rank 2, Thread 2 [4048 MHz]: 3318 ms
Rank 2, Thread 3 [4037 MHz]: 3355 ms
Rank 2, Iteration 0: 3399.420352 ms
Rank 2, Iteration 0: 895.496609 J, 263.426266 W
Rank 1, Thread 0 [4023 MHz]: 2830 ms
Rank 1, Thread 1 [4051 MHz]: 3505 ms
Rank 1, Thread 2 [4050 MHz]: 3375 ms
Rank 1, Thread 3 [4051 MHz]: 3360 ms
Rank 1, Iteration 0: 3505.359072 ms
Rank 1, Iteration 0: 918.355376 J, 261.986107 W

Threads workloads
0 333333333 333333333 333333333 

Target frequencies
4800 4800 4800 4800 
Threads times
Rank 2, Thread 0 [4004 MHz]: 703 ms
Rank 2, Thread 1 [4114 MHz]: 2270 ms
Rank 2, Thread 2 [4114 MHz]: 2270 ms
Rank 2, Thread 3 [4114 MHz]: 2270 ms
Rank 2, Iteration 1: 2270.225089 ms
Rank 2, Iteration 1: 632.231109 J, 278.488293 W
Rank 1, Thread 0 [4003 MHz]: 702 ms
Rank 1, Thread 1 [4114 MHz]: 2270 ms
Rank 1, Thread 2 [4114 MHz]: 2270 ms
Rank 1, Thread 3 [4114 MHz]: 2270 ms
Rank 1, Iteration 1: 2270.491990 ms
Rank 1, Iteration 1: 632.532194 J, 278.588164 W
Rank 3, Thread 0 [4004 MHz]: 703 ms
Rank 3, Thread 1 [4114 MHz]: 2270 ms
Rank 3, Thread 2 [4114 MHz]: 2270 ms
Rank 3, Thread 3 [4113 MHz]: 2271 ms
Rank 3, Iteration 1: 2270.801273 ms
Rank 3, Iteration 1: 632.532194 J, 278.550220 W
Rank 0, Thread 0 [4004 MHz]: 702 ms
Rank 0, Thread 1 [4113 MHz]: 2270 ms
Rank 0, Thread 2 [4114 MHz]: 2270 ms
Rank 0, Thread 3 [4113 MHz]: 2271 ms
Rank 0, Iteration 1: 2271.552112 ms
Rank 0, Iteration 1: 632.532194 J, 278.458148 W

Threads workloads
0 333333333 333333333 333333333 

Target frequencies
4800 4800 4800 4800 
Threads times
Rank 1, Thread 0 [3949 MHz]: 704 ms
Rank 1, Thread 1 [4094 MHz]: 2281 ms
Rank 1, Thread 2 [4094 MHz]: 2281 ms
Rank 1, Thread 3 [4094 MHz]: 2281 ms
Rank 1, Iteration 2: 2281.187675 ms
Rank 2, Thread 0 [3949 MHz]: 704 ms
Rank 2, Thread 1 [4094 MHz]: 2281 ms
Rank 2, Thread 2 [4094 MHz]: 2281 ms
Rank 2, Thread 3 [4094 MHz]: 2281 ms
Rank 2, Iteration 2: 2281.056158 ms
Rank 2, Iteration 2: 632.972623 J, 277.491030 W
Rank 3, Thread 0 [3949 MHz]: 704 ms
Rank 3, Thread 1 [4094 MHz]: 2281 ms
Rank 3, Thread 2 [4094 MHz]: 2281 ms
Rank 3, Thread 3 [4094 MHz]: 2281 ms
Rank 3, Iteration 2: 2281.024302 ms
Rank 3, Iteration 2: 632.972623 J, 277.494905 W
Rank 1, Iteration 2: 632.972623 J, 277.475032 W
Rank 0, Thread 0 [3949 MHz]: 704 ms
Rank 0, Thread 1 [4094 MHz]: 2281 ms
Rank 0, Thread 2 [4094 MHz]: 2281 ms
Rank 0, Thread 3 [4094 MHz]: 2281 ms
Rank 0, Iteration 2: 2281.415091 ms
Rank 0, Iteration 2: 632.972623 J, 277.447373 W

Threads workloads
0 333333333 333333333 333333333 

Target frequencies
4800 4800 4800 4800 
Threads times
Rank 2, Thread 0 [4067 MHz]: 695 ms
Rank 2, Thread 1 [4121 MHz]: 2266 ms
Rank 2, Thread 2 [4121 MHz]: 2266 ms
Rank 2, Thread 3 [4121 MHz]: 2266 ms
Rank 2, Iteration 3: 2266.061838 ms
Rank 2, Iteration 3: 637.180559 J, 281.184100 W
Rank 3, Thread 0 [4067 MHz]: 695 ms
Rank 3, Thread 1 [4121 MHz]: 2266 ms
Rank 3, Thread 2 [4121 MHz]: 2266 ms
Rank 3, Thread 3 [4121 MHz]: 2266 ms
Rank 3, Iteration 3: 2266.272718 ms
Rank 3, Iteration 3: 637.180559 J, 281.157936 W
Rank 1, Thread 0 [4067 MHz]: 695 ms
Rank 1, Thread 1 [4121 MHz]: 2266 ms
Rank 1, Thread 2 [4121 MHz]: 2266 ms
Rank 1, Thread 3 [4121 MHz]: 2266 ms
Rank 1, Iteration 3: 2266.604674 ms
Rank 0, Thread 0 [4067 MHz]: 695 ms
Rank 0, Thread 1 [4121 MHz]: 2266 ms
Rank 0, Thread 2 [4121 MHz]: 2266 ms
Rank 0, Thread 3 [4121 MHz]: 2267 ms
Rank 0, Iteration 3: 2266.698337 ms
Rank 0, Iteration 3: 637.180559 J, 281.105142 W
Rank 1, Iteration 3: 637.180559 J, 281.116759 W

Threads workloads
0 333333333 333333333 333333333 

Target frequencies
4800 4800 4800 4800 
Threads times
Rank 1, Thread 0 [3974 MHz]: 694 ms
Rank 1, Thread 1 [4081 MHz]: 2288 ms
Rank 1, Thread 2 [4081 MHz]: 2288 ms
Rank 1, Thread 3 [4081 MHz]: 2288 ms
Rank 1, Iteration 4: 2288.106729 ms
Rank 2, Thread 0 [3975 MHz]: 694 ms
Rank 2, Thread 1 [4081 MHz]: 2288 ms
Rank 2, Thread 2 [4081 MHz]: 2288 ms
Rank 2, Thread 3 [4081 MHz]: 2288 ms
Rank 2, Iteration 4: 2288.062935 ms
Rank 2, Iteration 4: 636.615802 J, 278.233519 W
sum of Rank 2, Thread 0: 5.277297 ms
sum of Rank 2, Thread 1: 12.503356 ms
sum of Rank 2, Thread 2: 12.422410 ms
sum of Rank 2, Thread 3: 12.459182 ms
Rank 3, Thread 0 [3975 MHz]: 694 ms
Rank 3, Thread 1 [4081 MHz]: 2288 ms
Rank 3, Thread 2 [4081 MHz]: 2288 ms
Rank 3, Thread 3 [4081 MHz]: 2288 ms
Rank 3, Iteration 4: 2288.089960 ms
Rank 3, Iteration 4: 636.615802 J, 278.230233 W
sum of Rank 3, Thread 0: 4.335396 ms
sum of Rank 3, Thread 1: 11.875760 ms
sum of Rank 3, Thread 2: 11.859269 ms
sum of Rank 3, Thread 3: 11.875806 ms
Rank 1, Iteration 4: 636.615802 J, 278.228194 W
sum of Rank 1, Thread 0: 5.625775 ms
sum of Rank 1, Thread 1: 12.610457 ms
sum of Rank 1, Thread 2: 12.479243 ms
sum of Rank 1, Thread 3: 12.465149 ms
Rank 0, Thread 0 [3974 MHz]: 694 ms
Rank 0, Thread 1 [4081 MHz]: 2288 ms
Rank 0, Thread 2 [4081 MHz]: 2288 ms
Rank 0, Thread 3 [4081 MHz]: 2289 ms
Rank 0, Iteration 4: 2289.481510 ms
Rank 0, Iteration 4: 636.895342 J, 278.183221 W
sum of Rank 0, Thread 0: 5.625844 ms
sum of Rank 0, Thread 1: 11.867172 ms
sum of Rank 0, Thread 2: 11.864072 ms
sum of Rank 0, Thread 3: 11.853086 ms

Execution time: 13.392494 seconds
Whole-program energy: 3582.523605 J
Whole-program average power: 267.502340 W
